C51 COMPILER V9.54   MAIN                                                                  03/21/2023 21:34:36 PAGE 1   


C51 COMPILER V9.54, COMPILATION OF MODULE MAIN
OBJECT MODULE PLACED IN .\Objects\main.obj
COMPILER INVOKED BY: C:\Keil_v5\C51\BIN\C51.EXE main.c OPTIMIZE(8,SPEED) BROWSE DEBUG OBJECTEXTEND PRINT(.\Listings\main
                    -.lst) TABS(2) OBJECT(.\Objects\main.obj)

line level    source

   1          #include <REGX52.H>
   2          #include "MatrixLED.h"
   3          #include "Timer0.h"
   4          
   5          //code unsigned char Animation[] ={
   6          //                            0x00,0x00,0x00,0x00,0x00,0x00,0x00,0x00,
   7          //                            0xFF,0x08,0x08,0x08,0xFF,0x00,0x1E,0x16,
   8          //                            0x1A,0x02,0x00,0xFF,0x02,0x04,0x00,0xFF,
   9          //                            0x02,0x04,0x00,0x1C,0x22,0x22,0x22,0x1C,
  10          //                            0x00,0x00,0xFC,0x04,0x04,0x04,0x00,0x00,
  11          //                            0x80,0x80,0x83,0x85,0x89,0x91,0xA1,0xC1,
  12          //                            0x01,0x00,0x0E,0x01,0xFF,0x00,0x00,0x00,
  13          //                            0x00,0x00,0x00,0x00,0x00,0x00,0x00,0x00,};
  14          
  15          //code unsigned char Animation[] = {
  16          //0x00,0x00,0x00,0x00,0x00,0x00,0x00,0x00,
  17          //0xFF,0x01,0x01,0x01,0x00,0x00,0x86,0x81,
  18          //0xFF,0x80,0x80,0x00,0xFF,0x90,0x90,0x70,
  19          //0x00,0x00,0x00,0x30,0x48,0x44,0x22,0x22,
  20          //0x44,0x48,0x30,0x00,0x00,0x00,0xFF,0x01,
  21          //0x01,0x01,0x00,0x81,0x83,0x85,0x89,0x91,
  22          //0xA1,0xC1,0x00,0x86,0x81,0xFF,0x80,0x80,
  23          //0x00,0x00,0x00,0x00,0x00,0x00,0x00,0x00,}
  24          
  25          code unsigned char Animation[] = {
  26            0x00,0x00,0x00,0x00,0x00,0x00,0x00,0x00,
  27            0x00,0x21,0x32,0xAC,0x6C,0x32,0x21,0x00,
  28            0x38,0x06,0x01,0xFF,0x00,0x00,0x00,0x20,
  29            0x54,0xD4,0x5F,0x55,0x02,0x00,0x3A,0x6A,
  30            0xAF,0x2A,0x3A,0x00,0x00,0x00,0x7C,0x54,
  31            0x7C,0x00,0x97,0xF5,0x85,0x95,0xF7,0x00,
  32            0x00,0x00,0x02,0x04,0xAD,0xBA,0xEA,0xAA,
  33            0xFB,0x20,0x00,0x00,0x00,0x7F,0xA8,0xAA,
  34            0xA9,0xFF,0x00,0x7F,0xA8,0xAA,0xA9,0xFF,
  35            0x00,0x7E,0xE4,0x56,0x75,0x07,0x00,0x00,
  36            0x00,0x00,0x00,0x00,0x00,0x00,0x00,0x00,};
  37          
  38          static unsigned char Offset = 0;
  39          static unsigned int T0Count= 0;
  40          void main()
  41          {
  42   1        unsigned char i,Count=0;
  43   1        MatrixLED_Init();
  44   1        Timer0Init();
  45   1        while(1)
  46   1        {
  47   2          for(i=0;i<8;i++)
  48   2          {
  49   3            MatrixLED_ShowColumn(i,Animation[i+Offset]);
  50   3          }
  51   2            if(Offset>80)
  52   2            {
  53   3              Offset = 0;
  54   3            }
C51 COMPILER V9.54   MAIN                                                                  03/21/2023 21:34:36 PAGE 2   

  55   2        }
  56   1      }
  57          
  58          void Timer0(void) interrupt 1
  59          {
  60   1        TH0= 0xFC;
  61   1        TL0= 0x66;
  62   1        T0Count++;
  63   1        if(T0Count>=500)
  64   1        {
  65   2          T0Count=0;
  66   2          Offset++;
  67   2        }
  68   1      }
  69          


MODULE INFORMATION:   STATIC OVERLAYABLE
   CODE SIZE        =     89    ----
   CONSTANT SIZE    =     88    ----
   XDATA SIZE       =   ----    ----
   PDATA SIZE       =   ----    ----
   DATA SIZE        =      3       2
   IDATA SIZE       =   ----    ----
   BIT SIZE         =   ----    ----
END OF MODULE INFORMATION.


C51 COMPILATION COMPLETE.  0 WARNING(S),  0 ERROR(S)
